[debug] > Exec(early(addDefaultCommands), None, None)
[debug] > Exec(addDefaultCommands, None, None)
[debug] > Exec(early(initialize), None, None)
[debug] > Exec(initialize, None, None)
[debug] > Exec(boot, None, None)
[debug] > Exec(writeSbtVersion, None, None)
[debug] > Exec(reload, None, None)
[debug] > Exec(sbtStashOnFailure, None, None)
[debug] > Exec(onFailure loadFailed, None, None)
[debug] > Exec(loadp, None, None)
[info] welcome to sbt 1.9.7 (Ubuntu Java 11.0.31)
[debug] Load.defaultLoad until apply took 265.464285ms
[debug]           Load.loadUnit: plugins took 193.835667ms
[debug]           Load.loadUnit: defsScala took 0.98687ms
[debug] [Loading] Scanning directory /home/qiu/ysyx-workbench/npc/mul_chisel_vsrc/project
[debug]             Load.loadUnit: mkEval took 24.482866ms
[debug] [Loading] Found non-root projects 
[debug] [Loading] Done in /home/qiu/ysyx-workbench/npc/mul_chisel_vsrc/project, returning: ()
[debug] deducing auto plugins based on known facts Set(Atom(sbt.plugins.CorePlugin)) and clauses Clauses(Clause(Atom(sbt.plugins.JvmPlugin),Set(Atom(sbt.plugins.IvyPlugin)))
[debug] Clause(Atom(sbt.ScriptedPlugin),Set(Atom(sbt.plugins.JvmPlugin)))
[debug] Clause(Atom(sbt.plugins.SbtPlugin),Set(Atom(sbt.ScriptedPlugin)))
[debug] Clause(Atom(sbt.plugins.SemanticdbPlugin),Set(Atom(sbt.plugins.JvmPlugin)))
[debug] Clause(Atom(sbt.plugins.JUnitXmlReportPlugin),Set(Atom(sbt.plugins.JvmPlugin)))
[debug] Clause(Atom(sbt.plugins.MiniDependencyTreePlugin),Set(Atom(sbt.plugins.JvmPlugin)))
[debug] Clause(Atom(sbt.plugins.CorePlugin),Set(Atom(sbt.plugins.IvyPlugin)))
[debug] Clause(Atom(sbt.plugins.IvyPlugin),Set(Atom(sbt.plugins.JvmPlugin)))
[debug] Clause(Atom(sbt.plugins.JvmPlugin),Set(Atom(sbt.plugins.SemanticdbPlugin)))
[debug] Clause(Atom(sbt.plugins.JvmPlugin),Set(Atom(sbt.plugins.JUnitXmlReportPlugin)))
[debug] Clause(Atom(sbt.plugins.CorePlugin),Set(Atom(sbt.plugins.Giter8TemplatePlugin)))
[debug] Clause(Atom(sbt.plugins.JvmPlugin),Set(Atom(sbt.plugins.MiniDependencyTreePlugin))))
[debug]   :: deduced result: Matched(sbt.plugins.CorePlugin,sbt.plugins.Giter8TemplatePlugin,sbt.plugins.IvyPlugin,sbt.plugins.JvmPlugin,sbt.plugins.MiniDependencyTreePlugin,sbt.plugins.JUnitXmlReportPlugin,sbt.plugins.SemanticdbPlugin)
[debug] Plugins.deducer#function took 58.908861 ms
[info] loading settings for project mul_chisel_vsrc-build from plugins.sbt ...
[debug]               Load.resolveProject(mul_chisel_vsrc-build) took 146.070758ms
[debug]             Load.loadTransitive: finalizeProject(Project(id mul_chisel_vsrc-build, base: /home/qiu/ysyx-workbench/npc/mul_chisel_vsrc/project, plugins: List(<none>))) took 275.749907ms
[debug] [Loading] Done in /home/qiu/ysyx-workbench/npc/mul_chisel_vsrc/project, returning: (mul_chisel_vsrc-build)
[debug]           Load.loadUnit: loadedProjectsRaw took 1884.444359ms
[debug]           Load.loadUnit: cleanEvalClasses took 23.179306ms
[debug]         Load.loadUnit(file:/home/qiu/ysyx-workbench/npc/mul_chisel_vsrc/project/, ...) took 2116.361266ms
[debug]       Load.apply: load took 2725.007398ms
[debug]       Load.apply: resolveProjects took 16.775463ms
[debug]       Load.apply: finalTransforms took 183.094338ms
[debug]       Load.apply: config.delegates took 23.169664ms
[debug]       Load.apply: Def.make(settings)... took 1309.871553ms
[debug]       Load.apply: structureIndex took 305.159386ms
[debug]       Load.apply: mkStreams took 3.656474ms
[info] loading project definition from /home/qiu/ysyx-workbench/npc/mul_chisel_vsrc/project
[debug] Running task... Cancel: Signal, check cycles: false, forcegc: true
